---
source: tui/src/bottom_pane/footer.rs
expression: terminal.backend()
---
"                                            95% of weekly limit (resets in 2h)  "
