---
source: tui/src/bottom_pane/footer.rs
expression: terminal.backend()
---
"                                           weekly limit reached (resets in 2h)  "
