---
source: tui/src/bottom_pane/footer.rs
expression: terminal.backend()
---
"  ? for shortcuts                                limit reached (resets in 30m)  "
