---
source: tui/src/bottom_pane/footer.rs
expression: terminal.backend()
---
"  ? for shortcuts                                 85% of limit (resets in 30m)  "
